// Jest Snapshot v1, https://goo.gl/fbAQLP

exports[`AddTodo component should match enzyme shallow snapshot 1`] = `
<div>
  <form
    onSubmit={[Function]}
  >
    <input />
    <button
      type="submit"
    >
      Add Todo
    </button>
  </form>
</div>
`;

exports[`AddTodo component should match enzyme shallow snapshot 2`] = `
<div>
  <form
    onSubmit={[Function]}
  >
    <input />
    <button
      type="submit"
    >
      Add Todo
    </button>
  </form>
</div>
`;

exports[`ConnectedAddTodo should match enzyme shallow snapshot 1`] = `
<AddTodo
  dispatch={[MockFunction]}
  store={
    Object {
      "dispatch": [MockFunction],
      "getState": [MockFunction] {
        "calls": Array [
          Array [],
        ],
        "results": Array [
          Object {
            "isThrow": false,
            "value": undefined,
          },
        ],
      },
      "subscribe": [MockFunction],
    }
  }
/>
`;
