// Jest Snapshot v1, https://goo.gl/fbAQLP

exports[`VisibleTodoList should match enzyme shallow snapshot 1`] = `
<TodoList
  onTodoClick={[Function]}
  store={
    Object {
      "dispatch": [MockFunction],
      "getState": [MockFunction] {
        "calls": Array [
          Array [],
          Array [],
        ],
        "results": Array [
          Object {
            "isThrow": false,
            "value": Object {
              "todos": Array [],
              "visibilityFilter": "SHOW_ALL",
            },
          },
          Object {
            "isThrow": false,
            "value": Object {
              "todos": Array [],
              "visibilityFilter": "SHOW_ALL",
            },
          },
        ],
      },
      "subscribe": [MockFunction] {
        "calls": Array [
          Array [
            [Function],
          ],
        ],
        "results": Array [
          Object {
            "isThrow": false,
            "value": undefined,
          },
        ],
      },
    }
  }
  storeSubscription={
    Subscription {
      "listeners": Object {
        "clear": [Function],
        "get": [Function],
        "notify": [Function],
        "subscribe": [Function],
      },
      "onStateChange": [Function],
      "parentSub": undefined,
      "store": Object {
        "dispatch": [MockFunction],
        "getState": [MockFunction] {
          "calls": Array [
            Array [],
            Array [],
          ],
          "results": Array [
            Object {
              "isThrow": false,
              "value": Object {
                "todos": Array [],
                "visibilityFilter": "SHOW_ALL",
              },
            },
            Object {
              "isThrow": false,
              "value": Object {
                "todos": Array [],
                "visibilityFilter": "SHOW_ALL",
              },
            },
          ],
        },
        "subscribe": [MockFunction] {
          "calls": Array [
            Array [
              [Function],
            ],
          ],
          "results": Array [
            Object {
              "isThrow": false,
              "value": undefined,
            },
          ],
        },
      },
      "unsubscribe": undefined,
    }
  }
  todos={Array []}
/>
`;
