// Jest Snapshot v1, https://goo.gl/fbAQLP

exports[`FunctionalComponent should match enzyme shallow snapshot 1`] = `
<h3>
  Class Component
</h3>
`;
